Analysis & Elaboration report for armv4
Wed Oct 31 08:16:42 2018
Quartus Prime Version 17.1.0 Build 590 10/25/2017 SJ Lite Edition


---------------------
; Table of Contents ;
---------------------
  1. Legal Notice
  2. Analysis & Elaboration Summary
  3. Parallel Compilation
  4. Parameter Settings for User Entity Instance: top:dut|arm:arm|controller:c|condlogic:cl|flopenr:flagreg1
  5. Parameter Settings for User Entity Instance: top:dut|arm:arm|controller:c|condlogic:cl|flopenr:flagreg0
  6. Parameter Settings for User Entity Instance: top:dut|arm:arm|datapath:dp|mux2:pcmux
  7. Parameter Settings for User Entity Instance: top:dut|arm:arm|datapath:dp|flopr:pcreg
  8. Parameter Settings for User Entity Instance: top:dut|arm:arm|datapath:dp|adder:pcadd1
  9. Parameter Settings for User Entity Instance: top:dut|arm:arm|datapath:dp|adder:pcadd2
 10. Parameter Settings for User Entity Instance: top:dut|arm:arm|datapath:dp|mux2:ra1mux
 11. Parameter Settings for User Entity Instance: top:dut|arm:arm|datapath:dp|mux2:ra2mux
 12. Parameter Settings for User Entity Instance: top:dut|arm:arm|datapath:dp|mux2:resmux
 13. Parameter Settings for User Entity Instance: top:dut|arm:arm|datapath:dp|mux2:srcbmux
 14. Parameter Settings for User Entity Instance: top:dut|arm:arm|datapath:dp|alu:alu
 15. Parameter Settings for User Entity Instance: top:dut|arm:arm|datapath:dp|alu:alu|adder_n:sumador
 16. Parameter Settings for User Entity Instance: top:dut|arm:arm|datapath:dp|alu:alu|andGate_n:compAnd
 17. Parameter Settings for User Entity Instance: top:dut|arm:arm|datapath:dp|alu:alu|orGate_n:compOR
 18. Parameter Settings for User Entity Instance: top:dut|arm:arm|datapath:dp|alu:alu|xorGate_n:compXor
 19. Parameter Settings for User Entity Instance: top:dut|arm:arm|datapath:dp|alu:alu|leftShifter_n:ls
 20. Parameter Settings for User Entity Instance: top:dut|arm:arm|datapath:dp|alu:alu|rightShifter_n:rs
 21. Parameter Settings for User Entity Instance: top:dut|arm:arm|datapath:dp|alu:alu|arithShifter_n:as
 22. Parameter Settings for User Entity Instance: top:dut|arm:arm|datapath:dp|alu:alu|ALUcontrolMux16_n:control
 23. Analysis & Elaboration Settings
 24. Port Connectivity Checks: "top:dut|arm:arm|datapath:dp|alu:alu"
 25. Port Connectivity Checks: "top:dut|arm:arm|datapath:dp|mux2:ra1mux"
 26. Port Connectivity Checks: "top:dut|arm:arm|datapath:dp|adder:pcadd2"
 27. Port Connectivity Checks: "top:dut|arm:arm|datapath:dp|adder:pcadd1"
 28. Port Connectivity Checks: "top:dut"
 29. Analysis & Elaboration Messages
 30. Analysis & Elaboration Suppressed Messages



----------------
; Legal Notice ;
----------------
Copyright (C) 2017  Intel Corporation. All rights reserved.
Your use of Intel Corporation's design tools, logic functions 
and other software and tools, and its AMPP partner logic 
functions, and any output files from any of the foregoing 
(including device programming or simulation files), and any 
associated documentation or information are expressly subject 
to the terms and conditions of the Intel Program License 
Subscription Agreement, the Intel Quartus Prime License Agreement,
the Intel FPGA IP License Agreement, or other applicable license
agreement, including, without limitation, that your use is for
the sole purpose of programming logic devices manufactured by
Intel and sold by Intel or its authorized distributors.  Please
refer to the applicable agreement for further details.



+-----------------------------------------------------------------------------+
; Analysis & Elaboration Summary                                              ;
+-------------------------------+---------------------------------------------+
; Analysis & Elaboration Status ; Successful - Wed Oct 31 08:16:42 2018       ;
; Quartus Prime Version         ; 17.1.0 Build 590 10/25/2017 SJ Lite Edition ;
; Revision Name                 ; armv4                                       ;
; Top-level Entity Name         ; arm_testbench                               ;
; Family                        ; Cyclone V                                   ;
; Logic utilization (in ALMs)   ; N/A until Partition Merge                   ;
; Total registers               ; N/A until Partition Merge                   ;
; Total pins                    ; N/A until Partition Merge                   ;
; Total virtual pins            ; N/A until Partition Merge                   ;
; Total block memory bits       ; N/A until Partition Merge                   ;
; Total PLLs                    ; N/A until Partition Merge                   ;
; Total DLLs                    ; N/A until Partition Merge                   ;
+-------------------------------+---------------------------------------------+


+------------------------------------------+
; Parallel Compilation                     ;
+----------------------------+-------------+
; Processors                 ; Number      ;
+----------------------------+-------------+
; Number detected on machine ; 8           ;
; Maximum allowed            ; 4           ;
;                            ;             ;
; Average used               ; 1.00        ;
; Maximum used               ; 1           ;
;                            ;             ;
; Usage by Processor         ; % Time Used ;
;     Processor 1            ; 100.0%      ;
+----------------------------+-------------+


+---------------------------------------------------------------------------------------------------------+
; Parameter Settings for User Entity Instance: top:dut|arm:arm|controller:c|condlogic:cl|flopenr:flagreg1 ;
+----------------+-------+--------------------------------------------------------------------------------+
; Parameter Name ; Value ; Type                                                                           ;
+----------------+-------+--------------------------------------------------------------------------------+
; WIDTH          ; 2     ; Signed Integer                                                                 ;
+----------------+-------+--------------------------------------------------------------------------------+
Note: In order to hide this table in the UI and the text report file, please set the "Show Parameter Settings in Synthesis Report" option in "Analysis and Synthesis Settings -> More Settings" to "Off".


+---------------------------------------------------------------------------------------------------------+
; Parameter Settings for User Entity Instance: top:dut|arm:arm|controller:c|condlogic:cl|flopenr:flagreg0 ;
+----------------+-------+--------------------------------------------------------------------------------+
; Parameter Name ; Value ; Type                                                                           ;
+----------------+-------+--------------------------------------------------------------------------------+
; WIDTH          ; 2     ; Signed Integer                                                                 ;
+----------------+-------+--------------------------------------------------------------------------------+
Note: In order to hide this table in the UI and the text report file, please set the "Show Parameter Settings in Synthesis Report" option in "Analysis and Synthesis Settings -> More Settings" to "Off".


+-------------------------------------------------------------------------------------+
; Parameter Settings for User Entity Instance: top:dut|arm:arm|datapath:dp|mux2:pcmux ;
+----------------+-------+------------------------------------------------------------+
; Parameter Name ; Value ; Type                                                       ;
+----------------+-------+------------------------------------------------------------+
; WIDTH          ; 32    ; Signed Integer                                             ;
+----------------+-------+------------------------------------------------------------+
Note: In order to hide this table in the UI and the text report file, please set the "Show Parameter Settings in Synthesis Report" option in "Analysis and Synthesis Settings -> More Settings" to "Off".


+--------------------------------------------------------------------------------------+
; Parameter Settings for User Entity Instance: top:dut|arm:arm|datapath:dp|flopr:pcreg ;
+----------------+-------+-------------------------------------------------------------+
; Parameter Name ; Value ; Type                                                        ;
+----------------+-------+-------------------------------------------------------------+
; WIDTH          ; 32    ; Signed Integer                                              ;
+----------------+-------+-------------------------------------------------------------+
Note: In order to hide this table in the UI and the text report file, please set the "Show Parameter Settings in Synthesis Report" option in "Analysis and Synthesis Settings -> More Settings" to "Off".


+---------------------------------------------------------------------------------------+
; Parameter Settings for User Entity Instance: top:dut|arm:arm|datapath:dp|adder:pcadd1 ;
+----------------+-------+--------------------------------------------------------------+
; Parameter Name ; Value ; Type                                                         ;
+----------------+-------+--------------------------------------------------------------+
; WIDTH          ; 32    ; Signed Integer                                               ;
+----------------+-------+--------------------------------------------------------------+
Note: In order to hide this table in the UI and the text report file, please set the "Show Parameter Settings in Synthesis Report" option in "Analysis and Synthesis Settings -> More Settings" to "Off".


+---------------------------------------------------------------------------------------+
; Parameter Settings for User Entity Instance: top:dut|arm:arm|datapath:dp|adder:pcadd2 ;
+----------------+-------+--------------------------------------------------------------+
; Parameter Name ; Value ; Type                                                         ;
+----------------+-------+--------------------------------------------------------------+
; WIDTH          ; 32    ; Signed Integer                                               ;
+----------------+-------+--------------------------------------------------------------+
Note: In order to hide this table in the UI and the text report file, please set the "Show Parameter Settings in Synthesis Report" option in "Analysis and Synthesis Settings -> More Settings" to "Off".


+--------------------------------------------------------------------------------------+
; Parameter Settings for User Entity Instance: top:dut|arm:arm|datapath:dp|mux2:ra1mux ;
+----------------+-------+-------------------------------------------------------------+
; Parameter Name ; Value ; Type                                                        ;
+----------------+-------+-------------------------------------------------------------+
; WIDTH          ; 4     ; Signed Integer                                              ;
+----------------+-------+-------------------------------------------------------------+
Note: In order to hide this table in the UI and the text report file, please set the "Show Parameter Settings in Synthesis Report" option in "Analysis and Synthesis Settings -> More Settings" to "Off".


+--------------------------------------------------------------------------------------+
; Parameter Settings for User Entity Instance: top:dut|arm:arm|datapath:dp|mux2:ra2mux ;
+----------------+-------+-------------------------------------------------------------+
; Parameter Name ; Value ; Type                                                        ;
+----------------+-------+-------------------------------------------------------------+
; WIDTH          ; 4     ; Signed Integer                                              ;
+----------------+-------+-------------------------------------------------------------+
Note: In order to hide this table in the UI and the text report file, please set the "Show Parameter Settings in Synthesis Report" option in "Analysis and Synthesis Settings -> More Settings" to "Off".


+--------------------------------------------------------------------------------------+
; Parameter Settings for User Entity Instance: top:dut|arm:arm|datapath:dp|mux2:resmux ;
+----------------+-------+-------------------------------------------------------------+
; Parameter Name ; Value ; Type                                                        ;
+----------------+-------+-------------------------------------------------------------+
; WIDTH          ; 32    ; Signed Integer                                              ;
+----------------+-------+-------------------------------------------------------------+
Note: In order to hide this table in the UI and the text report file, please set the "Show Parameter Settings in Synthesis Report" option in "Analysis and Synthesis Settings -> More Settings" to "Off".


+---------------------------------------------------------------------------------------+
; Parameter Settings for User Entity Instance: top:dut|arm:arm|datapath:dp|mux2:srcbmux ;
+----------------+-------+--------------------------------------------------------------+
; Parameter Name ; Value ; Type                                                         ;
+----------------+-------+--------------------------------------------------------------+
; WIDTH          ; 32    ; Signed Integer                                               ;
+----------------+-------+--------------------------------------------------------------+
Note: In order to hide this table in the UI and the text report file, please set the "Show Parameter Settings in Synthesis Report" option in "Analysis and Synthesis Settings -> More Settings" to "Off".


+----------------------------------------------------------------------------------+
; Parameter Settings for User Entity Instance: top:dut|arm:arm|datapath:dp|alu:alu ;
+----------------+-------+---------------------------------------------------------+
; Parameter Name ; Value ; Type                                                    ;
+----------------+-------+---------------------------------------------------------+
; N              ; 32    ; Signed Integer                                          ;
+----------------+-------+---------------------------------------------------------+
Note: In order to hide this table in the UI and the text report file, please set the "Show Parameter Settings in Synthesis Report" option in "Analysis and Synthesis Settings -> More Settings" to "Off".


+--------------------------------------------------------------------------------------------------+
; Parameter Settings for User Entity Instance: top:dut|arm:arm|datapath:dp|alu:alu|adder_n:sumador ;
+----------------+-------+-------------------------------------------------------------------------+
; Parameter Name ; Value ; Type                                                                    ;
+----------------+-------+-------------------------------------------------------------------------+
; N              ; 32    ; Signed Integer                                                          ;
+----------------+-------+-------------------------------------------------------------------------+
Note: In order to hide this table in the UI and the text report file, please set the "Show Parameter Settings in Synthesis Report" option in "Analysis and Synthesis Settings -> More Settings" to "Off".


+----------------------------------------------------------------------------------------------------+
; Parameter Settings for User Entity Instance: top:dut|arm:arm|datapath:dp|alu:alu|andGate_n:compAnd ;
+----------------+-------+---------------------------------------------------------------------------+
; Parameter Name ; Value ; Type                                                                      ;
+----------------+-------+---------------------------------------------------------------------------+
; N              ; 32    ; Signed Integer                                                            ;
+----------------+-------+---------------------------------------------------------------------------+
Note: In order to hide this table in the UI and the text report file, please set the "Show Parameter Settings in Synthesis Report" option in "Analysis and Synthesis Settings -> More Settings" to "Off".


+--------------------------------------------------------------------------------------------------+
; Parameter Settings for User Entity Instance: top:dut|arm:arm|datapath:dp|alu:alu|orGate_n:compOR ;
+----------------+-------+-------------------------------------------------------------------------+
; Parameter Name ; Value ; Type                                                                    ;
+----------------+-------+-------------------------------------------------------------------------+
; N              ; 32    ; Signed Integer                                                          ;
+----------------+-------+-------------------------------------------------------------------------+
Note: In order to hide this table in the UI and the text report file, please set the "Show Parameter Settings in Synthesis Report" option in "Analysis and Synthesis Settings -> More Settings" to "Off".


+----------------------------------------------------------------------------------------------------+
; Parameter Settings for User Entity Instance: top:dut|arm:arm|datapath:dp|alu:alu|xorGate_n:compXor ;
+----------------+-------+---------------------------------------------------------------------------+
; Parameter Name ; Value ; Type                                                                      ;
+----------------+-------+---------------------------------------------------------------------------+
; N              ; 32    ; Signed Integer                                                            ;
+----------------+-------+---------------------------------------------------------------------------+
Note: In order to hide this table in the UI and the text report file, please set the "Show Parameter Settings in Synthesis Report" option in "Analysis and Synthesis Settings -> More Settings" to "Off".


+---------------------------------------------------------------------------------------------------+
; Parameter Settings for User Entity Instance: top:dut|arm:arm|datapath:dp|alu:alu|leftShifter_n:ls ;
+----------------+-------+--------------------------------------------------------------------------+
; Parameter Name ; Value ; Type                                                                     ;
+----------------+-------+--------------------------------------------------------------------------+
; N              ; 32    ; Signed Integer                                                           ;
+----------------+-------+--------------------------------------------------------------------------+
Note: In order to hide this table in the UI and the text report file, please set the "Show Parameter Settings in Synthesis Report" option in "Analysis and Synthesis Settings -> More Settings" to "Off".


+----------------------------------------------------------------------------------------------------+
; Parameter Settings for User Entity Instance: top:dut|arm:arm|datapath:dp|alu:alu|rightShifter_n:rs ;
+----------------+-------+---------------------------------------------------------------------------+
; Parameter Name ; Value ; Type                                                                      ;
+----------------+-------+---------------------------------------------------------------------------+
; N              ; 32    ; Signed Integer                                                            ;
+----------------+-------+---------------------------------------------------------------------------+
Note: In order to hide this table in the UI and the text report file, please set the "Show Parameter Settings in Synthesis Report" option in "Analysis and Synthesis Settings -> More Settings" to "Off".


+----------------------------------------------------------------------------------------------------+
; Parameter Settings for User Entity Instance: top:dut|arm:arm|datapath:dp|alu:alu|arithShifter_n:as ;
+----------------+-------+---------------------------------------------------------------------------+
; Parameter Name ; Value ; Type                                                                      ;
+----------------+-------+---------------------------------------------------------------------------+
; N              ; 32    ; Signed Integer                                                            ;
+----------------+-------+---------------------------------------------------------------------------+
Note: In order to hide this table in the UI and the text report file, please set the "Show Parameter Settings in Synthesis Report" option in "Analysis and Synthesis Settings -> More Settings" to "Off".


+------------------------------------------------------------------------------------------------------------+
; Parameter Settings for User Entity Instance: top:dut|arm:arm|datapath:dp|alu:alu|ALUcontrolMux16_n:control ;
+----------------+-------+-----------------------------------------------------------------------------------+
; Parameter Name ; Value ; Type                                                                              ;
+----------------+-------+-----------------------------------------------------------------------------------+
; N              ; 32    ; Signed Integer                                                                    ;
+----------------+-------+-----------------------------------------------------------------------------------+
Note: In order to hide this table in the UI and the text report file, please set the "Show Parameter Settings in Synthesis Report" option in "Analysis and Synthesis Settings -> More Settings" to "Off".


+---------------------------------------------------------------------------------------------------------------------------+
; Analysis & Elaboration Settings                                                                                           ;
+---------------------------------------------------------------------------------+--------------------+--------------------+
; Option                                                                          ; Setting            ; Default Value      ;
+---------------------------------------------------------------------------------+--------------------+--------------------+
; Device                                                                          ; 5CSEMA5F31C6       ;                    ;
; Top-level entity name                                                           ; arm_testbench      ; armv4              ;
; Family name                                                                     ; Cyclone V          ; Cyclone V          ;
; Use smart compilation                                                           ; Off                ; Off                ;
; Enable parallel Assembler and TimeQuest Timing Analyzer during compilation      ; On                 ; On                 ;
; Enable compact report table                                                     ; Off                ; Off                ;
; Restructure Multiplexers                                                        ; Auto               ; Auto               ;
; MLAB Add Timing Constraints For Mixed-Port Feed-Through Mode Setting Don't Care ; Off                ; Off                ;
; Create Debugging Nodes for IP Cores                                             ; Off                ; Off                ;
; Preserve fewer node names                                                       ; On                 ; On                 ;
; Intel FPGA IP Evaluation Mode                                                   ; Enable             ; Enable             ;
; Verilog Version                                                                 ; Verilog_2001       ; Verilog_2001       ;
; VHDL Version                                                                    ; VHDL_1993          ; VHDL_1993          ;
; State Machine Processing                                                        ; Auto               ; Auto               ;
; Safe State Machine                                                              ; Off                ; Off                ;
; Extract Verilog State Machines                                                  ; On                 ; On                 ;
; Extract VHDL State Machines                                                     ; On                 ; On                 ;
; Ignore Verilog initial constructs                                               ; Off                ; Off                ;
; Iteration limit for constant Verilog loops                                      ; 5000               ; 5000               ;
; Iteration limit for non-constant Verilog loops                                  ; 250                ; 250                ;
; Add Pass-Through Logic to Inferred RAMs                                         ; On                 ; On                 ;
; Infer RAMs from Raw Logic                                                       ; On                 ; On                 ;
; Parallel Synthesis                                                              ; On                 ; On                 ;
; DSP Block Balancing                                                             ; Auto               ; Auto               ;
; NOT Gate Push-Back                                                              ; On                 ; On                 ;
; Power-Up Don't Care                                                             ; On                 ; On                 ;
; Remove Redundant Logic Cells                                                    ; Off                ; Off                ;
; Remove Duplicate Registers                                                      ; On                 ; On                 ;
; Ignore CARRY Buffers                                                            ; Off                ; Off                ;
; Ignore CASCADE Buffers                                                          ; Off                ; Off                ;
; Ignore GLOBAL Buffers                                                           ; Off                ; Off                ;
; Ignore ROW GLOBAL Buffers                                                       ; Off                ; Off                ;
; Ignore LCELL Buffers                                                            ; Off                ; Off                ;
; Ignore SOFT Buffers                                                             ; On                 ; On                 ;
; Limit AHDL Integers to 32 Bits                                                  ; Off                ; Off                ;
; Optimization Technique                                                          ; Balanced           ; Balanced           ;
; Carry Chain Length                                                              ; 70                 ; 70                 ;
; Auto Carry Chains                                                               ; On                 ; On                 ;
; Auto Open-Drain Pins                                                            ; On                 ; On                 ;
; Perform WYSIWYG Primitive Resynthesis                                           ; Off                ; Off                ;
; Auto ROM Replacement                                                            ; On                 ; On                 ;
; Auto RAM Replacement                                                            ; On                 ; On                 ;
; Auto DSP Block Replacement                                                      ; On                 ; On                 ;
; Auto Shift Register Replacement                                                 ; Auto               ; Auto               ;
; Allow Shift Register Merging across Hierarchies                                 ; Auto               ; Auto               ;
; Auto Clock Enable Replacement                                                   ; On                 ; On                 ;
; Strict RAM Replacement                                                          ; Off                ; Off                ;
; Allow Synchronous Control Signals                                               ; On                 ; On                 ;
; Force Use of Synchronous Clear Signals                                          ; Off                ; Off                ;
; Auto Resource Sharing                                                           ; Off                ; Off                ;
; Allow Any RAM Size For Recognition                                              ; Off                ; Off                ;
; Allow Any ROM Size For Recognition                                              ; Off                ; Off                ;
; Allow Any Shift Register Size For Recognition                                   ; Off                ; Off                ;
; Use LogicLock Constraints during Resource Balancing                             ; On                 ; On                 ;
; Ignore translate_off and synthesis_off directives                               ; Off                ; Off                ;
; Timing-Driven Synthesis                                                         ; On                 ; On                 ;
; Report Parameter Settings                                                       ; On                 ; On                 ;
; Report Source Assignments                                                       ; On                 ; On                 ;
; Report Connectivity Checks                                                      ; On                 ; On                 ;
; Ignore Maximum Fan-Out Assignments                                              ; Off                ; Off                ;
; Synchronization Register Chain Length                                           ; 3                  ; 3                  ;
; Power Optimization During Synthesis                                             ; Normal compilation ; Normal compilation ;
; HDL message level                                                               ; Level2             ; Level2             ;
; Suppress Register Optimization Related Messages                                 ; Off                ; Off                ;
; Number of Removed Registers Reported in Synthesis Report                        ; 5000               ; 5000               ;
; Number of Swept Nodes Reported in Synthesis Report                              ; 5000               ; 5000               ;
; Number of Inverted Registers Reported in Synthesis Report                       ; 100                ; 100                ;
; Clock MUX Protection                                                            ; On                 ; On                 ;
; Auto Gated Clock Conversion                                                     ; Off                ; Off                ;
; Block Design Naming                                                             ; Auto               ; Auto               ;
; SDC constraint protection                                                       ; Off                ; Off                ;
; Synthesis Effort                                                                ; Auto               ; Auto               ;
; Shift Register Replacement - Allow Asynchronous Clear Signal                    ; On                 ; On                 ;
; Pre-Mapping Resynthesis Optimization                                            ; Off                ; Off                ;
; Analysis & Synthesis Message Level                                              ; Medium             ; Medium             ;
; Disable Register Merging Across Hierarchies                                     ; Auto               ; Auto               ;
; Resource Aware Inference For Block RAM                                          ; On                 ; On                 ;
; Automatic Parallel Synthesis                                                    ; On                 ; On                 ;
; Partial Reconfiguration Bitstream ID                                            ; Off                ; Off                ;
+---------------------------------------------------------------------------------+--------------------+--------------------+


+-----------------------------------------------------------------+
; Port Connectivity Checks: "top:dut|arm:arm|datapath:dp|alu:alu" ;
+---------------+-------+----------+------------------------------+
; Port          ; Type  ; Severity ; Details                      ;
+---------------+-------+----------+------------------------------+
; Control[3..2] ; Input ; Info     ; Stuck at GND                 ;
+---------------+-------+----------+------------------------------+


+---------------------------------------------------------------------+
; Port Connectivity Checks: "top:dut|arm:arm|datapath:dp|mux2:ra1mux" ;
+------+-------+----------+-------------------------------------------+
; Port ; Type  ; Severity ; Details                                   ;
+------+-------+----------+-------------------------------------------+
; d1   ; Input ; Info     ; Stuck at VCC                              ;
+------+-------+----------+-------------------------------------------+


+----------------------------------------------------------------------+
; Port Connectivity Checks: "top:dut|arm:arm|datapath:dp|adder:pcadd2" ;
+----------+-------+----------+----------------------------------------+
; Port     ; Type  ; Severity ; Details                                ;
+----------+-------+----------+----------------------------------------+
; b[31..3] ; Input ; Info     ; Stuck at GND                           ;
; b[1..0]  ; Input ; Info     ; Stuck at GND                           ;
; b[2]     ; Input ; Info     ; Stuck at VCC                           ;
+----------+-------+----------+----------------------------------------+


+----------------------------------------------------------------------+
; Port Connectivity Checks: "top:dut|arm:arm|datapath:dp|adder:pcadd1" ;
+----------+-------+----------+----------------------------------------+
; Port     ; Type  ; Severity ; Details                                ;
+----------+-------+----------+----------------------------------------+
; b[31..3] ; Input ; Info     ; Stuck at GND                           ;
; b[1..0]  ; Input ; Info     ; Stuck at GND                           ;
; b[2]     ; Input ; Info     ; Stuck at VCC                           ;
+----------+-------+----------+----------------------------------------+


+---------------------------------------------------------------------------------------------------------------------+
; Port Connectivity Checks: "top:dut"                                                                                 ;
+-----------+--------+----------+-------------------------------------------------------------------------------------+
; Port      ; Type   ; Severity ; Details                                                                             ;
+-----------+--------+----------+-------------------------------------------------------------------------------------+
; clk       ; Input  ; Info     ; Stuck at GND                                                                        ;
; WriteData ; Output ; Info     ; Connected to dangling logic. Logic that only feeds a dangling port will be removed. ;
; DataAdr   ; Output ; Info     ; Connected to dangling logic. Logic that only feeds a dangling port will be removed. ;
; MemWrite  ; Output ; Info     ; Connected to dangling logic. Logic that only feeds a dangling port will be removed. ;
+-----------+--------+----------+-------------------------------------------------------------------------------------+


+---------------------------------+
; Analysis & Elaboration Messages ;
+---------------------------------+
Info: *******************************************************************
Info: Running Quartus Prime Analysis & Elaboration
    Info: Version 17.1.0 Build 590 10/25/2017 SJ Lite Edition
    Info: Processing started: Wed Oct 31 08:16:32 2018
Info: Command: quartus_map --read_settings_files=on --write_settings_files=off armv4 -c armv4 --analysis_and_elaboration
Warning (18236): Number of processors has not been specified which may cause overloading on shared machines.  Set the global assignment NUM_PARALLEL_PROCESSORS in your QSF to an appropriate value for best performance.
Info (20030): Parallel compilation is enabled and will use 4 of the 4 processors detected
Info (12021): Found 1 design units, including 1 entities, in source file helper_modules/mux2.sv
    Info (12023): Found entity 1: mux2 File: C:/Users/user/Documents/ARMv4/helper_modules/mux2.sv Line: 1
Info (12021): Found 1 design units, including 1 entities, in source file helper_modules/flopr.sv
    Info (12023): Found entity 1: flopr File: C:/Users/user/Documents/ARMv4/helper_modules/flopr.sv Line: 1
Info (12021): Found 1 design units, including 1 entities, in source file helper_modules/flopenr.sv
    Info (12023): Found entity 1: flopenr File: C:/Users/user/Documents/ARMv4/helper_modules/flopenr.sv Line: 1
Info (12021): Found 1 design units, including 1 entities, in source file helper_modules/extend.sv
    Info (12023): Found entity 1: extend File: C:/Users/user/Documents/ARMv4/helper_modules/extend.sv Line: 1
Info (12021): Found 1 design units, including 1 entities, in source file helper_modules/adder.sv
    Info (12023): Found entity 1: adder File: C:/Users/user/Documents/ARMv4/helper_modules/adder.sv Line: 1
Info (12021): Found 1 design units, including 1 entities, in source file alu_module/xorgate_n.sv
    Info (12023): Found entity 1: xorGate_n File: C:/Users/user/Documents/ARMv4/alu_module/xorGate_n.sv Line: 1
Info (12021): Found 1 design units, including 1 entities, in source file alu_module/rightshifter_n.sv
    Info (12023): Found entity 1: rightShifter_n File: C:/Users/user/Documents/ARMv4/alu_module/rightShifter_n.sv Line: 1
Info (12021): Found 1 design units, including 1 entities, in source file alu_module/register_n.sv
    Info (12023): Found entity 1: register_n File: C:/Users/user/Documents/ARMv4/alu_module/register_n.sv Line: 1
Info (12021): Found 1 design units, including 1 entities, in source file alu_module/orgate_n.sv
    Info (12023): Found entity 1: orGate_n File: C:/Users/user/Documents/ARMv4/alu_module/orGate_n.sv Line: 1
Info (12021): Found 1 design units, including 1 entities, in source file alu_module/n_and.sv
    Info (12023): Found entity 1: n_and File: C:/Users/user/Documents/ARMv4/alu_module/n_and.sv Line: 1
Info (12021): Found 1 design units, including 1 entities, in source file alu_module/leftshifter_n.sv
    Info (12023): Found entity 1: leftShifter_n File: C:/Users/user/Documents/ARMv4/alu_module/leftShifter_n.sv Line: 1
Info (12021): Found 1 design units, including 1 entities, in source file alu_module/arithshifter_n.sv
    Info (12023): Found entity 1: arithShifter_n File: C:/Users/user/Documents/ARMv4/alu_module/arithShifter_n.sv Line: 1
Info (12021): Found 1 design units, including 1 entities, in source file alu_module/andgate_n.sv
    Info (12023): Found entity 1: andGate_n File: C:/Users/user/Documents/ARMv4/alu_module/andGate_n.sv Line: 1
Info (12021): Found 1 design units, including 1 entities, in source file alu_module/alucontrolmux16_n.sv
    Info (12023): Found entity 1: ALUcontrolMux16_n File: C:/Users/user/Documents/ARMv4/alu_module/ALUcontrolMux16_n.sv Line: 1
Info (12021): Found 1 design units, including 1 entities, in source file alu_module/alu.sv
    Info (12023): Found entity 1: alu File: C:/Users/user/Documents/ARMv4/alu_module/alu.sv Line: 1
Info (12021): Found 1 design units, including 1 entities, in source file alu_module/adder_n.sv
    Info (12023): Found entity 1: adder_n File: C:/Users/user/Documents/ARMv4/alu_module/adder_n.sv Line: 1
Info (12021): Found 1 design units, including 1 entities, in source file top.sv
    Info (12023): Found entity 1: top File: C:/Users/user/Documents/ARMv4/top.sv Line: 1
Info (12021): Found 1 design units, including 1 entities, in source file regfile.sv
    Info (12023): Found entity 1: regfile File: C:/Users/user/Documents/ARMv4/regfile.sv Line: 1
Info (12021): Found 1 design units, including 1 entities, in source file imem.sv
    Info (12023): Found entity 1: imem File: C:/Users/user/Documents/ARMv4/imem.sv Line: 1
Info (12021): Found 1 design units, including 1 entities, in source file dmem.sv
    Info (12023): Found entity 1: dmem File: C:/Users/user/Documents/ARMv4/dmem.sv Line: 1
Info (12021): Found 1 design units, including 1 entities, in source file decoder.sv
    Info (12023): Found entity 1: decoder File: C:/Users/user/Documents/ARMv4/decoder.sv Line: 1
Info (12021): Found 1 design units, including 1 entities, in source file datapath.sv
    Info (12023): Found entity 1: datapath File: C:/Users/user/Documents/ARMv4/datapath.sv Line: 1
Info (12021): Found 1 design units, including 1 entities, in source file controller.sv
    Info (12023): Found entity 1: controller File: C:/Users/user/Documents/ARMv4/controller.sv Line: 1
Info (12021): Found 2 design units, including 2 entities, in source file condlogic.sv
    Info (12023): Found entity 1: condlogic File: C:/Users/user/Documents/ARMv4/condlogic.sv Line: 1
    Info (12023): Found entity 2: condcheck File: C:/Users/user/Documents/ARMv4/condlogic.sv Line: 28
Info (12021): Found 1 design units, including 1 entities, in source file arm_testbench.sv
    Info (12023): Found entity 1: arm_testbench File: C:/Users/user/Documents/ARMv4/arm_testbench.sv Line: 1
Info (12021): Found 1 design units, including 1 entities, in source file arm.sv
    Info (12023): Found entity 1: arm File: C:/Users/user/Documents/ARMv4/arm.sv Line: 1
Info (12127): Elaborating entity "arm_testbench" for the top level hierarchy
Info (12128): Elaborating entity "top" for hierarchy "top:dut" File: C:/Users/user/Documents/ARMv4/arm_testbench.sv Line: 9
Info (12128): Elaborating entity "arm" for hierarchy "top:dut|arm:arm" File: C:/Users/user/Documents/ARMv4/top.sv Line: 10
Info (12128): Elaborating entity "controller" for hierarchy "top:dut|arm:arm|controller:c" File: C:/Users/user/Documents/ARMv4/arm.sv Line: 14
Info (12128): Elaborating entity "decoder" for hierarchy "top:dut|arm:arm|controller:c|decoder:dec" File: C:/Users/user/Documents/ARMv4/controller.sv Line: 16
Info (12128): Elaborating entity "condlogic" for hierarchy "top:dut|arm:arm|controller:c|condlogic:cl" File: C:/Users/user/Documents/ARMv4/controller.sv Line: 20
Info (12128): Elaborating entity "flopenr" for hierarchy "top:dut|arm:arm|controller:c|condlogic:cl|flopenr:flagreg1" File: C:/Users/user/Documents/ARMv4/condlogic.sv Line: 12
Info (12128): Elaborating entity "condcheck" for hierarchy "top:dut|arm:arm|controller:c|condlogic:cl|condcheck:cc" File: C:/Users/user/Documents/ARMv4/condlogic.sv Line: 18
Info (12128): Elaborating entity "datapath" for hierarchy "top:dut|arm:arm|datapath:dp" File: C:/Users/user/Documents/ARMv4/arm.sv Line: 18
Info (12128): Elaborating entity "mux2" for hierarchy "top:dut|arm:arm|datapath:dp|mux2:pcmux" File: C:/Users/user/Documents/ARMv4/datapath.sv Line: 23
Info (12128): Elaborating entity "flopr" for hierarchy "top:dut|arm:arm|datapath:dp|flopr:pcreg" File: C:/Users/user/Documents/ARMv4/datapath.sv Line: 24
Info (12128): Elaborating entity "adder" for hierarchy "top:dut|arm:arm|datapath:dp|adder:pcadd1" File: C:/Users/user/Documents/ARMv4/datapath.sv Line: 25
Info (12128): Elaborating entity "mux2" for hierarchy "top:dut|arm:arm|datapath:dp|mux2:ra1mux" File: C:/Users/user/Documents/ARMv4/datapath.sv Line: 29
Info (12128): Elaborating entity "regfile" for hierarchy "top:dut|arm:arm|datapath:dp|regfile:rf" File: C:/Users/user/Documents/ARMv4/datapath.sv Line: 34
Info (12128): Elaborating entity "extend" for hierarchy "top:dut|arm:arm|datapath:dp|extend:ext" File: C:/Users/user/Documents/ARMv4/datapath.sv Line: 38
Info (12128): Elaborating entity "alu" for hierarchy "top:dut|arm:arm|datapath:dp|alu:alu" File: C:/Users/user/Documents/ARMv4/datapath.sv Line: 43
Info (12128): Elaborating entity "adder_n" for hierarchy "top:dut|arm:arm|datapath:dp|alu:alu|adder_n:sumador" File: C:/Users/user/Documents/ARMv4/alu_module/alu.sv Line: 18
Info (12128): Elaborating entity "andGate_n" for hierarchy "top:dut|arm:arm|datapath:dp|alu:alu|andGate_n:compAnd" File: C:/Users/user/Documents/ARMv4/alu_module/alu.sv Line: 19
Info (12128): Elaborating entity "orGate_n" for hierarchy "top:dut|arm:arm|datapath:dp|alu:alu|orGate_n:compOR" File: C:/Users/user/Documents/ARMv4/alu_module/alu.sv Line: 20
Info (12128): Elaborating entity "xorGate_n" for hierarchy "top:dut|arm:arm|datapath:dp|alu:alu|xorGate_n:compXor" File: C:/Users/user/Documents/ARMv4/alu_module/alu.sv Line: 21
Info (12128): Elaborating entity "leftShifter_n" for hierarchy "top:dut|arm:arm|datapath:dp|alu:alu|leftShifter_n:ls" File: C:/Users/user/Documents/ARMv4/alu_module/alu.sv Line: 22
Info (12128): Elaborating entity "rightShifter_n" for hierarchy "top:dut|arm:arm|datapath:dp|alu:alu|rightShifter_n:rs" File: C:/Users/user/Documents/ARMv4/alu_module/alu.sv Line: 23
Info (12128): Elaborating entity "arithShifter_n" for hierarchy "top:dut|arm:arm|datapath:dp|alu:alu|arithShifter_n:as" File: C:/Users/user/Documents/ARMv4/alu_module/alu.sv Line: 24
Info (12128): Elaborating entity "ALUcontrolMux16_n" for hierarchy "top:dut|arm:arm|datapath:dp|alu:alu|ALUcontrolMux16_n:control" File: C:/Users/user/Documents/ARMv4/alu_module/alu.sv Line: 34
Info (12128): Elaborating entity "imem" for hierarchy "top:dut|imem:imem" File: C:/Users/user/Documents/ARMv4/top.sv Line: 12
Warning (10030): Net "RAM.data_a" at imem.sv(4) has no driver or initial value, using a default initial value '0' File: C:/Users/user/Documents/ARMv4/imem.sv Line: 4
Warning (10030): Net "RAM.waddr_a" at imem.sv(4) has no driver or initial value, using a default initial value '0' File: C:/Users/user/Documents/ARMv4/imem.sv Line: 4
Warning (10030): Net "RAM.we_a" at imem.sv(4) has no driver or initial value, using a default initial value '0' File: C:/Users/user/Documents/ARMv4/imem.sv Line: 4
Info (12128): Elaborating entity "dmem" for hierarchy "top:dut|dmem:dmem" File: C:/Users/user/Documents/ARMv4/top.sv Line: 14
Info (144001): Generated suppressed messages file C:/Users/user/Documents/ARMv4/output_files/armv4.map.smsg
Info: Quartus Prime Analysis & Elaboration was successful. 0 errors, 4 warnings
    Info: Peak virtual memory: 4796 megabytes
    Info: Processing ended: Wed Oct 31 08:16:42 2018
    Info: Elapsed time: 00:00:10
    Info: Total CPU time (on all processors): 00:00:20


+--------------------------------------------+
; Analysis & Elaboration Suppressed Messages ;
+--------------------------------------------+
The suppressed messages can be found in C:/Users/user/Documents/ARMv4/output_files/armv4.map.smsg.


